// Jest Snapshot v1, https://goo.gl/fbAQLP

exports[`add movie tests shows form 1`] = `"<div>
                                                        <div className="nav">
                                                            <ul>
                                                                <li className={"nav-detail"}>   <Link to='/'>Homepage</Link>
                                                                </li>
                                                            </ul>
                                                        </div>
                                                        {error && <div className="h1">plear fot fill the input</div>}
                                                        <form className="form-group" onSubmit={onSubmit}>
                                                            <h2>register the form</h2>
                                                            <label>Dish name: </label>
                                                            <input name='dishname' placeholder="dishname" type="text" value={dishname} onChange={onchangDishname} />
                                                            <label>Category: </label>
                                                            <input name='category' placeholder="category" type="text" value={category} onChange={onchangCategory} />
                                                            <label>Allergy: </label>
                                                            <input name='allergy' placeholder="allergy" type="text" value={allergy} onChange={onchangAllergy}/>
                                                            <button type='submit'>register</button>
                                                        </form>
                                                    </div>"`;
